mkdir .libs
mkdir kernel/.libs
 gcc -I. -I/Users/davidmenger/Development/fastorm/ext -DPHP_ATOM_INC -I/Users/davidmenger/Development/fastorm/ext/include -I/Users/davidmenger/Development/fastorm/ext/main -I/Users/davidmenger/Development/fastorm/ext -I/usr/include/php -I/usr/include/php/main -I/usr/include/php/TSRM -I/usr/include/php/Zend -I/usr/include/php/ext -I/usr/include/php/ext/date/lib -DHAVE_CONFIG_H -O2 -fvisibility=hidden -Wparentheses -flto -c /Users/davidmenger/Development/fastorm/ext/fastorm.c  -fno-common -DPIC -o .libs/fastorm.o
 gcc -I. -I/Users/davidmenger/Development/fastorm/ext -DPHP_ATOM_INC -I/Users/davidmenger/Development/fastorm/ext/include -I/Users/davidmenger/Development/fastorm/ext/main -I/Users/davidmenger/Development/fastorm/ext -I/usr/include/php -I/usr/include/php/main -I/usr/include/php/TSRM -I/usr/include/php/Zend -I/usr/include/php/ext -I/usr/include/php/ext/date/lib -DHAVE_CONFIG_H -O2 -fvisibility=hidden -Wparentheses -flto -c /Users/davidmenger/Development/fastorm/ext/kernel/main.c  -fno-common -DPIC -o kernel/.libs/main.o
 gcc -I. -I/Users/davidmenger/Development/fastorm/ext -DPHP_ATOM_INC -I/Users/davidmenger/Development/fastorm/ext/include -I/Users/davidmenger/Development/fastorm/ext/main -I/Users/davidmenger/Development/fastorm/ext -I/usr/include/php -I/usr/include/php/main -I/usr/include/php/TSRM -I/usr/include/php/Zend -I/usr/include/php/ext -I/usr/include/php/ext/date/lib -DHAVE_CONFIG_H -O2 -fvisibility=hidden -Wparentheses -flto -c /Users/davidmenger/Development/fastorm/ext/kernel/exception.c  -fno-common -DPIC -o kernel/.libs/exception.o
 gcc -I. -I/Users/davidmenger/Development/fastorm/ext -DPHP_ATOM_INC -I/Users/davidmenger/Development/fastorm/ext/include -I/Users/davidmenger/Development/fastorm/ext/main -I/Users/davidmenger/Development/fastorm/ext -I/usr/include/php -I/usr/include/php/main -I/usr/include/php/TSRM -I/usr/include/php/Zend -I/usr/include/php/ext -I/usr/include/php/ext/date/lib -DHAVE_CONFIG_H -O2 -fvisibility=hidden -Wparentheses -flto -c /Users/davidmenger/Development/fastorm/ext/kernel/memory.c  -fno-common -DPIC -o kernel/.libs/memory.o
 gcc -I. -I/Users/davidmenger/Development/fastorm/ext -DPHP_ATOM_INC -I/Users/davidmenger/Development/fastorm/ext/include -I/Users/davidmenger/Development/fastorm/ext/main -I/Users/davidmenger/Development/fastorm/ext -I/usr/include/php -I/usr/include/php/main -I/usr/include/php/TSRM -I/usr/include/php/Zend -I/usr/include/php/ext -I/usr/include/php/ext/date/lib -DHAVE_CONFIG_H -O2 -fvisibility=hidden -Wparentheses -flto -c /Users/davidmenger/Development/fastorm/ext/kernel/hash.c  -fno-common -DPIC -o kernel/.libs/hash.o
 gcc -I. -I/Users/davidmenger/Development/fastorm/ext -DPHP_ATOM_INC -I/Users/davidmenger/Development/fastorm/ext/include -I/Users/davidmenger/Development/fastorm/ext/main -I/Users/davidmenger/Development/fastorm/ext -I/usr/include/php -I/usr/include/php/main -I/usr/include/php/TSRM -I/usr/include/php/Zend -I/usr/include/php/ext -I/usr/include/php/ext/date/lib -DHAVE_CONFIG_H -O2 -fvisibility=hidden -Wparentheses -flto -c /Users/davidmenger/Development/fastorm/ext/kernel/debug.c  -fno-common -DPIC -o kernel/.libs/debug.o
 gcc -I. -I/Users/davidmenger/Development/fastorm/ext -DPHP_ATOM_INC -I/Users/davidmenger/Development/fastorm/ext/include -I/Users/davidmenger/Development/fastorm/ext/main -I/Users/davidmenger/Development/fastorm/ext -I/usr/include/php -I/usr/include/php/main -I/usr/include/php/TSRM -I/usr/include/php/Zend -I/usr/include/php/ext -I/usr/include/php/ext/date/lib -DHAVE_CONFIG_H -O2 -fvisibility=hidden -Wparentheses -flto -c /Users/davidmenger/Development/fastorm/ext/kernel/backtrace.c  -fno-common -DPIC -o kernel/.libs/backtrace.o
 gcc -I. -I/Users/davidmenger/Development/fastorm/ext -DPHP_ATOM_INC -I/Users/davidmenger/Development/fastorm/ext/include -I/Users/davidmenger/Development/fastorm/ext/main -I/Users/davidmenger/Development/fastorm/ext -I/usr/include/php -I/usr/include/php/main -I/usr/include/php/TSRM -I/usr/include/php/Zend -I/usr/include/php/ext -I/usr/include/php/ext/date/lib -DHAVE_CONFIG_H -O2 -fvisibility=hidden -Wparentheses -flto -c /Users/davidmenger/Development/fastorm/ext/kernel/object.c  -fno-common -DPIC -o kernel/.libs/object.o
 gcc -I. -I/Users/davidmenger/Development/fastorm/ext -DPHP_ATOM_INC -I/Users/davidmenger/Development/fastorm/ext/include -I/Users/davidmenger/Development/fastorm/ext/main -I/Users/davidmenger/Development/fastorm/ext -I/usr/include/php -I/usr/include/php/main -I/usr/include/php/TSRM -I/usr/include/php/Zend -I/usr/include/php/ext -I/usr/include/php/ext/date/lib -DHAVE_CONFIG_H -O2 -fvisibility=hidden -Wparentheses -flto -c /Users/davidmenger/Development/fastorm/ext/kernel/array.c  -fno-common -DPIC -o kernel/.libs/array.o
mkdir kernel/extended/.libs
 gcc -I. -I/Users/davidmenger/Development/fastorm/ext -DPHP_ATOM_INC -I/Users/davidmenger/Development/fastorm/ext/include -I/Users/davidmenger/Development/fastorm/ext/main -I/Users/davidmenger/Development/fastorm/ext -I/usr/include/php -I/usr/include/php/main -I/usr/include/php/TSRM -I/usr/include/php/Zend -I/usr/include/php/ext -I/usr/include/php/ext/date/lib -DHAVE_CONFIG_H -O2 -fvisibility=hidden -Wparentheses -flto -c /Users/davidmenger/Development/fastorm/ext/kernel/extended/array.c  -fno-common -DPIC -o kernel/extended/.libs/array.o
 gcc -I. -I/Users/davidmenger/Development/fastorm/ext -DPHP_ATOM_INC -I/Users/davidmenger/Development/fastorm/ext/include -I/Users/davidmenger/Development/fastorm/ext/main -I/Users/davidmenger/Development/fastorm/ext -I/usr/include/php -I/usr/include/php/main -I/usr/include/php/TSRM -I/usr/include/php/Zend -I/usr/include/php/ext -I/usr/include/php/ext/date/lib -DHAVE_CONFIG_H -O2 -fvisibility=hidden -Wparentheses -flto -c /Users/davidmenger/Development/fastorm/ext/kernel/string.c  -fno-common -DPIC -o kernel/.libs/string.o
 gcc -I. -I/Users/davidmenger/Development/fastorm/ext -DPHP_ATOM_INC -I/Users/davidmenger/Development/fastorm/ext/include -I/Users/davidmenger/Development/fastorm/ext/main -I/Users/davidmenger/Development/fastorm/ext -I/usr/include/php -I/usr/include/php/main -I/usr/include/php/TSRM -I/usr/include/php/Zend -I/usr/include/php/ext -I/usr/include/php/ext/date/lib -DHAVE_CONFIG_H -O2 -fvisibility=hidden -Wparentheses -flto -c /Users/davidmenger/Development/fastorm/ext/kernel/fcall.c  -fno-common -DPIC -o kernel/.libs/fcall.o
 gcc -I. -I/Users/davidmenger/Development/fastorm/ext -DPHP_ATOM_INC -I/Users/davidmenger/Development/fastorm/ext/include -I/Users/davidmenger/Development/fastorm/ext/main -I/Users/davidmenger/Development/fastorm/ext -I/usr/include/php -I/usr/include/php/main -I/usr/include/php/TSRM -I/usr/include/php/Zend -I/usr/include/php/ext -I/usr/include/php/ext/date/lib -DHAVE_CONFIG_H -O2 -fvisibility=hidden -Wparentheses -flto -c /Users/davidmenger/Development/fastorm/ext/kernel/require.c  -fno-common -DPIC -o kernel/.libs/require.o
 gcc -I. -I/Users/davidmenger/Development/fastorm/ext -DPHP_ATOM_INC -I/Users/davidmenger/Development/fastorm/ext/include -I/Users/davidmenger/Development/fastorm/ext/main -I/Users/davidmenger/Development/fastorm/ext -I/usr/include/php -I/usr/include/php/main -I/usr/include/php/TSRM -I/usr/include/php/Zend -I/usr/include/php/ext -I/usr/include/php/ext/date/lib -DHAVE_CONFIG_H -O2 -fvisibility=hidden -Wparentheses -flto -c /Users/davidmenger/Development/fastorm/ext/kernel/file.c  -fno-common -DPIC -o kernel/.libs/file.o
 gcc -I. -I/Users/davidmenger/Development/fastorm/ext -DPHP_ATOM_INC -I/Users/davidmenger/Development/fastorm/ext/include -I/Users/davidmenger/Development/fastorm/ext/main -I/Users/davidmenger/Development/fastorm/ext -I/usr/include/php -I/usr/include/php/main -I/usr/include/php/TSRM -I/usr/include/php/Zend -I/usr/include/php/ext -I/usr/include/php/ext/date/lib -DHAVE_CONFIG_H -O2 -fvisibility=hidden -Wparentheses -flto -c /Users/davidmenger/Development/fastorm/ext/kernel/operators.c  -fno-common -DPIC -o kernel/.libs/operators.o
 gcc -I. -I/Users/davidmenger/Development/fastorm/ext -DPHP_ATOM_INC -I/Users/davidmenger/Development/fastorm/ext/include -I/Users/davidmenger/Development/fastorm/ext/main -I/Users/davidmenger/Development/fastorm/ext -I/usr/include/php -I/usr/include/php/main -I/usr/include/php/TSRM -I/usr/include/php/Zend -I/usr/include/php/ext -I/usr/include/php/ext/date/lib -DHAVE_CONFIG_H -O2 -fvisibility=hidden -Wparentheses -flto -c /Users/davidmenger/Development/fastorm/ext/kernel/concat.c  -fno-common -DPIC -o kernel/.libs/concat.o
 gcc -I. -I/Users/davidmenger/Development/fastorm/ext -DPHP_ATOM_INC -I/Users/davidmenger/Development/fastorm/ext/include -I/Users/davidmenger/Development/fastorm/ext/main -I/Users/davidmenger/Development/fastorm/ext -I/usr/include/php -I/usr/include/php/main -I/usr/include/php/TSRM -I/usr/include/php/Zend -I/usr/include/php/ext -I/usr/include/php/ext/date/lib -DHAVE_CONFIG_H -O2 -fvisibility=hidden -Wparentheses -flto -c /Users/davidmenger/Development/fastorm/ext/kernel/variables.c  -fno-common -DPIC -o kernel/.libs/variables.o
 gcc -I. -I/Users/davidmenger/Development/fastorm/ext -DPHP_ATOM_INC -I/Users/davidmenger/Development/fastorm/ext/include -I/Users/davidmenger/Development/fastorm/ext/main -I/Users/davidmenger/Development/fastorm/ext -I/usr/include/php -I/usr/include/php/main -I/usr/include/php/TSRM -I/usr/include/php/Zend -I/usr/include/php/ext -I/usr/include/php/ext/date/lib -DHAVE_CONFIG_H -O2 -fvisibility=hidden -Wparentheses -flto -c /Users/davidmenger/Development/fastorm/ext/kernel/filter.c  -fno-common -DPIC -o kernel/.libs/filter.o
 gcc -I. -I/Users/davidmenger/Development/fastorm/ext -DPHP_ATOM_INC -I/Users/davidmenger/Development/fastorm/ext/include -I/Users/davidmenger/Development/fastorm/ext/main -I/Users/davidmenger/Development/fastorm/ext -I/usr/include/php -I/usr/include/php/main -I/usr/include/php/TSRM -I/usr/include/php/Zend -I/usr/include/php/ext -I/usr/include/php/ext/date/lib -DHAVE_CONFIG_H -O2 -fvisibility=hidden -Wparentheses -flto -c /Users/davidmenger/Development/fastorm/ext/kernel/iterator.c  -fno-common -DPIC -o kernel/.libs/iterator.o
 gcc -I. -I/Users/davidmenger/Development/fastorm/ext -DPHP_ATOM_INC -I/Users/davidmenger/Development/fastorm/ext/include -I/Users/davidmenger/Development/fastorm/ext/main -I/Users/davidmenger/Development/fastorm/ext -I/usr/include/php -I/usr/include/php/main -I/usr/include/php/TSRM -I/usr/include/php/Zend -I/usr/include/php/ext -I/usr/include/php/ext/date/lib -DHAVE_CONFIG_H -O2 -fvisibility=hidden -Wparentheses -flto -c /Users/davidmenger/Development/fastorm/ext/kernel/exit.c  -fno-common -DPIC -o kernel/.libs/exit.o
mkdir fastorm/.libs
 gcc -I. -I/Users/davidmenger/Development/fastorm/ext -DPHP_ATOM_INC -I/Users/davidmenger/Development/fastorm/ext/include -I/Users/davidmenger/Development/fastorm/ext/main -I/Users/davidmenger/Development/fastorm/ext -I/usr/include/php -I/usr/include/php/main -I/usr/include/php/TSRM -I/usr/include/php/Zend -I/usr/include/php/ext -I/usr/include/php/ext/date/lib -DHAVE_CONFIG_H -O2 -fvisibility=hidden -Wparentheses -flto -c /Users/davidmenger/Development/fastorm/ext/fastorm/connectionmanager.zep.c  -fno-common -DPIC -o fastorm/.libs/connectionmanager.o
 gcc -I. -I/Users/davidmenger/Development/fastorm/ext -DPHP_ATOM_INC -I/Users/davidmenger/Development/fastorm/ext/include -I/Users/davidmenger/Development/fastorm/ext/main -I/Users/davidmenger/Development/fastorm/ext -I/usr/include/php -I/usr/include/php/main -I/usr/include/php/TSRM -I/usr/include/php/Zend -I/usr/include/php/ext -I/usr/include/php/ext/date/lib -DHAVE_CONFIG_H -O2 -fvisibility=hidden -Wparentheses -flto -c /Users/davidmenger/Development/fastorm/ext/fastorm/dataobject.zep.c  -fno-common -DPIC -o fastorm/.libs/dataobject.o
 gcc -I. -I/Users/davidmenger/Development/fastorm/ext -DPHP_ATOM_INC -I/Users/davidmenger/Development/fastorm/ext/include -I/Users/davidmenger/Development/fastorm/ext/main -I/Users/davidmenger/Development/fastorm/ext -I/usr/include/php -I/usr/include/php/main -I/usr/include/php/TSRM -I/usr/include/php/Zend -I/usr/include/php/ext -I/usr/include/php/ext/date/lib -DHAVE_CONFIG_H -O2 -fvisibility=hidden -Wparentheses -flto -c /Users/davidmenger/Development/fastorm/ext/fastorm/dbobject.zep.c  -fno-common -DPIC -o fastorm/.libs/dbobject.o
 gcc -I. -I/Users/davidmenger/Development/fastorm/ext -DPHP_ATOM_INC -I/Users/davidmenger/Development/fastorm/ext/include -I/Users/davidmenger/Development/fastorm/ext/main -I/Users/davidmenger/Development/fastorm/ext -I/usr/include/php -I/usr/include/php/main -I/usr/include/php/TSRM -I/usr/include/php/Zend -I/usr/include/php/ext -I/usr/include/php/ext/date/lib -DHAVE_CONFIG_H -O2 -fvisibility=hidden -Wparentheses -flto -c /Users/davidmenger/Development/fastorm/ext/fastorm/exception.zep.c  -fno-common -DPIC -o fastorm/.libs/exception.o
 gcc -I. -I/Users/davidmenger/Development/fastorm/ext -DPHP_ATOM_INC -I/Users/davidmenger/Development/fastorm/ext/include -I/Users/davidmenger/Development/fastorm/ext/main -I/Users/davidmenger/Development/fastorm/ext -I/usr/include/php -I/usr/include/php/main -I/usr/include/php/TSRM -I/usr/include/php/Zend -I/usr/include/php/ext -I/usr/include/php/ext/date/lib -DHAVE_CONFIG_H -O2 -fvisibility=hidden -Wparentheses -flto -c /Users/davidmenger/Development/fastorm/ext/fastorm/iconnectionmanager.zep.c  -fno-common -DPIC -o fastorm/.libs/iconnectionmanager.o
 gcc -I. -I/Users/davidmenger/Development/fastorm/ext -DPHP_ATOM_INC -I/Users/davidmenger/Development/fastorm/ext/include -I/Users/davidmenger/Development/fastorm/ext/main -I/Users/davidmenger/Development/fastorm/ext -I/usr/include/php -I/usr/include/php/main -I/usr/include/php/TSRM -I/usr/include/php/Zend -I/usr/include/php/ext -I/usr/include/php/ext/date/lib -DHAVE_CONFIG_H -O2 -fvisibility=hidden -Wparentheses -flto -c /Users/davidmenger/Development/fastorm/ext/fastorm/modelmanager.zep.c  -fno-common -DPIC -o fastorm/.libs/modelmanager.o
 gcc -I. -I/Users/davidmenger/Development/fastorm/ext -DPHP_ATOM_INC -I/Users/davidmenger/Development/fastorm/ext/include -I/Users/davidmenger/Development/fastorm/ext/main -I/Users/davidmenger/Development/fastorm/ext -I/usr/include/php -I/usr/include/php/main -I/usr/include/php/TSRM -I/usr/include/php/Zend -I/usr/include/php/ext -I/usr/include/php/ext/date/lib -DHAVE_CONFIG_H -O2 -fvisibility=hidden -Wparentheses -flto -c /Users/davidmenger/Development/fastorm/ext/fastorm/objectmetadata.zep.c  -fno-common -DPIC -o fastorm/.libs/objectmetadata.o
 gcc -I. -I/Users/davidmenger/Development/fastorm/ext -DPHP_ATOM_INC -I/Users/davidmenger/Development/fastorm/ext/include -I/Users/davidmenger/Development/fastorm/ext/main -I/Users/davidmenger/Development/fastorm/ext -I/usr/include/php -I/usr/include/php/main -I/usr/include/php/TSRM -I/usr/include/php/Zend -I/usr/include/php/ext -I/usr/include/php/ext/date/lib -DHAVE_CONFIG_H -O2 -fvisibility=hidden -Wparentheses -flto -c /Users/davidmenger/Development/fastorm/ext/fastorm/objectquery.zep.c  -fno-common -DPIC -o fastorm/.libs/objectquery.o
 gcc -I. -I/Users/davidmenger/Development/fastorm/ext -DPHP_ATOM_INC -I/Users/davidmenger/Development/fastorm/ext/include -I/Users/davidmenger/Development/fastorm/ext/main -I/Users/davidmenger/Development/fastorm/ext -I/usr/include/php -I/usr/include/php/main -I/usr/include/php/TSRM -I/usr/include/php/Zend -I/usr/include/php/ext -I/usr/include/php/ext/date/lib -DHAVE_CONFIG_H -O2 -fvisibility=hidden -Wparentheses -flto -c /Users/davidmenger/Development/fastorm/ext/fastorm/relationmetadata.zep.c  -fno-common -DPIC -o fastorm/.libs/relationmetadata.o
mkdir fastorm/db/.libs
 gcc -I. -I/Users/davidmenger/Development/fastorm/ext -DPHP_ATOM_INC -I/Users/davidmenger/Development/fastorm/ext/include -I/Users/davidmenger/Development/fastorm/ext/main -I/Users/davidmenger/Development/fastorm/ext -I/usr/include/php -I/usr/include/php/main -I/usr/include/php/TSRM -I/usr/include/php/Zend -I/usr/include/php/ext -I/usr/include/php/ext/date/lib -DHAVE_CONFIG_H -O2 -fvisibility=hidden -Wparentheses -flto -c /Users/davidmenger/Development/fastorm/ext/fastorm/db/columninfo.zep.c  -fno-common -DPIC -o fastorm/db/.libs/columninfo.o
 gcc -I. -I/Users/davidmenger/Development/fastorm/ext -DPHP_ATOM_INC -I/Users/davidmenger/Development/fastorm/ext/include -I/Users/davidmenger/Development/fastorm/ext/main -I/Users/davidmenger/Development/fastorm/ext -I/usr/include/php -I/usr/include/php/main -I/usr/include/php/TSRM -I/usr/include/php/Zend -I/usr/include/php/ext -I/usr/include/php/ext/date/lib -DHAVE_CONFIG_H -O2 -fvisibility=hidden -Wparentheses -flto -c /Users/davidmenger/Development/fastorm/ext/fastorm/db/connection.zep.c  -fno-common -DPIC -o fastorm/db/.libs/connection.o
 gcc -I. -I/Users/davidmenger/Development/fastorm/ext -DPHP_ATOM_INC -I/Users/davidmenger/Development/fastorm/ext/include -I/Users/davidmenger/Development/fastorm/ext/main -I/Users/davidmenger/Development/fastorm/ext -I/usr/include/php -I/usr/include/php/main -I/usr/include/php/TSRM -I/usr/include/php/Zend -I/usr/include/php/ext -I/usr/include/php/ext/date/lib -DHAVE_CONFIG_H -O2 -fvisibility=hidden -Wparentheses -flto -c /Users/davidmenger/Development/fastorm/ext/fastorm/db/dbexception.zep.c  -fno-common -DPIC -o fastorm/db/.libs/dbexception.o
mkdir fastorm/db/drivers/.libs
 gcc -I. -I/Users/davidmenger/Development/fastorm/ext -DPHP_ATOM_INC -I/Users/davidmenger/Development/fastorm/ext/include -I/Users/davidmenger/Development/fastorm/ext/main -I/Users/davidmenger/Development/fastorm/ext -I/usr/include/php -I/usr/include/php/main -I/usr/include/php/TSRM -I/usr/include/php/Zend -I/usr/include/php/ext -I/usr/include/php/ext/date/lib -DHAVE_CONFIG_H -O2 -fvisibility=hidden -Wparentheses -flto -c /Users/davidmenger/Development/fastorm/ext/fastorm/db/drivers/mysqlidriver.zep.c  -fno-common -DPIC -o fastorm/db/drivers/.libs/mysqlidriver.o
 gcc -I. -I/Users/davidmenger/Development/fastorm/ext -DPHP_ATOM_INC -I/Users/davidmenger/Development/fastorm/ext/include -I/Users/davidmenger/Development/fastorm/ext/main -I/Users/davidmenger/Development/fastorm/ext -I/usr/include/php -I/usr/include/php/main -I/usr/include/php/TSRM -I/usr/include/php/Zend -I/usr/include/php/ext -I/usr/include/php/ext/date/lib -DHAVE_CONFIG_H -O2 -fvisibility=hidden -Wparentheses -flto -c /Users/davidmenger/Development/fastorm/ext/fastorm/db/drivers/mysqliresultdriver.zep.c  -fno-common -DPIC -o fastorm/db/drivers/.libs/mysqliresultdriver.o
 gcc -I. -I/Users/davidmenger/Development/fastorm/ext -DPHP_ATOM_INC -I/Users/davidmenger/Development/fastorm/ext/include -I/Users/davidmenger/Development/fastorm/ext/main -I/Users/davidmenger/Development/fastorm/ext -I/usr/include/php -I/usr/include/php/main -I/usr/include/php/TSRM -I/usr/include/php/Zend -I/usr/include/php/ext -I/usr/include/php/ext/date/lib -DHAVE_CONFIG_H -O2 -fvisibility=hidden -Wparentheses -flto -c /Users/davidmenger/Development/fastorm/ext/fastorm/db/event.zep.c  -fno-common -DPIC -o fastorm/db/.libs/event.o
 gcc -I. -I/Users/davidmenger/Development/fastorm/ext -DPHP_ATOM_INC -I/Users/davidmenger/Development/fastorm/ext/include -I/Users/davidmenger/Development/fastorm/ext/main -I/Users/davidmenger/Development/fastorm/ext -I/usr/include/php -I/usr/include/php/main -I/usr/include/php/TSRM -I/usr/include/php/Zend -I/usr/include/php/ext -I/usr/include/php/ext/date/lib -DHAVE_CONFIG_H -O2 -fvisibility=hidden -Wparentheses -flto -c /Users/davidmenger/Development/fastorm/ext/fastorm/db/iresultdriver.zep.c  -fno-common -DPIC -o fastorm/db/.libs/iresultdriver.o
 gcc -I. -I/Users/davidmenger/Development/fastorm/ext -DPHP_ATOM_INC -I/Users/davidmenger/Development/fastorm/ext/include -I/Users/davidmenger/Development/fastorm/ext/main -I/Users/davidmenger/Development/fastorm/ext -I/usr/include/php -I/usr/include/php/main -I/usr/include/php/TSRM -I/usr/include/php/Zend -I/usr/include/php/ext -I/usr/include/php/ext/date/lib -DHAVE_CONFIG_H -O2 -fvisibility=hidden -Wparentheses -flto -c /Users/davidmenger/Development/fastorm/ext/fastorm/db/query.zep.c  -fno-common -DPIC -o fastorm/db/.libs/query.o
 gcc -I. -I/Users/davidmenger/Development/fastorm/ext -DPHP_ATOM_INC -I/Users/davidmenger/Development/fastorm/ext/include -I/Users/davidmenger/Development/fastorm/ext/main -I/Users/davidmenger/Development/fastorm/ext -I/usr/include/php -I/usr/include/php/main -I/usr/include/php/TSRM -I/usr/include/php/Zend -I/usr/include/php/ext -I/usr/include/php/ext/date/lib -DHAVE_CONFIG_H -O2 -fvisibility=hidden -Wparentheses -flto -c /Users/davidmenger/Development/fastorm/ext/fastorm/db/result.zep.c  -fno-common -DPIC -o fastorm/db/.libs/result.o
 gcc -I. -I/Users/davidmenger/Development/fastorm/ext -DPHP_ATOM_INC -I/Users/davidmenger/Development/fastorm/ext/include -I/Users/davidmenger/Development/fastorm/ext/main -I/Users/davidmenger/Development/fastorm/ext -I/usr/include/php -I/usr/include/php/main -I/usr/include/php/TSRM -I/usr/include/php/Zend -I/usr/include/php/ext -I/usr/include/php/ext/date/lib -DHAVE_CONFIG_H -O2 -fvisibility=hidden -Wparentheses -flto -c /Users/davidmenger/Development/fastorm/ext/fastorm/db/resultiterator.zep.c  -fno-common -DPIC -o fastorm/db/.libs/resultiterator.o
 gcc -I. -I/Users/davidmenger/Development/fastorm/ext -DPHP_ATOM_INC -I/Users/davidmenger/Development/fastorm/ext/include -I/Users/davidmenger/Development/fastorm/ext/main -I/Users/davidmenger/Development/fastorm/ext -I/usr/include/php -I/usr/include/php/main -I/usr/include/php/TSRM -I/usr/include/php/Zend -I/usr/include/php/ext -I/usr/include/php/ext/date/lib -DHAVE_CONFIG_H -O2 -fvisibility=hidden -Wparentheses -flto -c /Users/davidmenger/Development/fastorm/ext/fastorm/db/translator.zep.c  -fno-common -DPIC -o fastorm/db/.libs/translator.o
gcc ${wl}-flat_namespace ${wl}-undefined ${wl}suppress -o .libs/fastorm.so -bundle  .libs/fastorm.o kernel/.libs/main.o kernel/.libs/memory.o kernel/.libs/exception.o kernel/.libs/hash.o kernel/.libs/debug.o kernel/.libs/backtrace.o kernel/.libs/object.o kernel/.libs/array.o kernel/extended/.libs/array.o kernel/.libs/string.o kernel/.libs/fcall.o kernel/.libs/require.o kernel/.libs/file.o kernel/.libs/operators.o kernel/.libs/concat.o kernel/.libs/variables.o kernel/.libs/filter.o kernel/.libs/iterator.o kernel/.libs/exit.o fastorm/.libs/connectionmanager.o fastorm/.libs/dataobject.o fastorm/.libs/dbobject.o fastorm/.libs/exception.o fastorm/.libs/iconnectionmanager.o fastorm/.libs/modelmanager.o fastorm/.libs/objectmetadata.o fastorm/.libs/objectquery.o fastorm/.libs/relationmetadata.o fastorm/db/.libs/columninfo.o fastorm/db/.libs/connection.o fastorm/db/.libs/dbexception.o fastorm/db/drivers/.libs/mysqlidriver.o fastorm/db/drivers/.libs/mysqliresultdriver.o fastorm/db/.libs/event.o fastorm/db/.libs/iresultdriver.o fastorm/db/.libs/query.o fastorm/db/.libs/result.o fastorm/db/.libs/resultiterator.o fastorm/db/.libs/translator.o  
dsymutil .libs/fastorm.so || :
warning: no debug symbols in executable (-arch x86_64)
creating fastorm.la
(cd .libs && rm -f fastorm.la && ln -s ../fastorm.la fastorm.la)
cp ./.libs/fastorm.so /Users/davidmenger/Development/fastorm/ext/modules/fastorm.so
cp ./.libs/fastorm.lai /Users/davidmenger/Development/fastorm/ext/modules/fastorm.la
----------------------------------------------------------------------
Libraries have been installed in:
   /Users/davidmenger/Development/fastorm/ext/modules

If you ever happen to want to link against installed libraries
in a given directory, LIBDIR, you must either use libtool, and
specify the full pathname of the library, or use the `-LLIBDIR'
flag during linking and do at least one of the following:
   - add LIBDIR to the `DYLD_LIBRARY_PATH' environment variable
     during execution

See any operating system documentation about shared libraries for
more information, such as the ld(1) and ld.so(8) manual pages.
----------------------------------------------------------------------

Build complete.
Don't forget to run 'make test'.

Installing shared extensions:     /usr/lib/php/extensions/no-debug-non-zts-20121212/
